▿ Step
  ResponseEnded

▿ Request
  POST http://localhost:8080/subscribe
  Cookie: pf_session={"userId":"00000000-0000-0000-0000-000000000000"}

  vatNumber=&pricing[lane]=individual&pricing[quantity]=1&pricing[billing]=monthly&token=stripe-deadbeef

▿ Response
  Status 302 FOUND
  Location: /pricing?plan=monthly&quantity=1
  Set-Cookie: pf_session={"flash":{"message":"Error creating subscription!","priority":"error"},"userId":"00000000-0000-0000-0000-000000000000"}; Expires=Sat, 29 Jan 2028 00:00:00 GMT; Path=/