▿ Step
  ResponseEnded

▿ Request
  POST http://localhost:8080/subscribe
  Cookie: pf_session={}

  vatNumber=&pricing[lane]=individual&pricing[quantity]=1&pricing[billing]=monthly&token=stripe-deadbeef

▿ Response
  Status 302 FOUND
  Location: /login?redirect=http://localhost:8080/pricing?plan%3Dmonthly%26quantity%3D1